This is pdfTeX, Version 3.141592653-2.6-1.40.22 (TeX Live 2022/dev/Debian) (preloaded format=pdflatex 2026.4.29)  29 APR 2026 22:47
entering extended mode
 restricted \write18 enabled.
 %&-line parsing enabled.
**lbm_paper.tex
(./lbm_paper.tex
LaTeX2e <2021-11-15> patch level 1
L3 programming layer <2022-01-21>
(/usr/share/texlive/texmf-dist/tex/latex/ieeetran/IEEEtran.cls
Document Class: IEEEtran 2015/08/26 V1.8b by Michael Shell
-- See the "IEEEtran_HOWTO" manual for usage information.
-- http://www.michaelshell.org/tex/ieeetran/
\@IEEEtrantmpdimenA=\dimen138
\@IEEEtrantmpdimenB=\dimen139
\@IEEEtrantmpdimenC=\dimen140
\@IEEEtrantmpcountA=\count185
\@IEEEtrantmpcountB=\count186
\@IEEEtrantmpcountC=\count187
\@IEEEtrantmptoksA=\toks16
LaTeX Font Info:    Trying to load font information for OT1+ptm on input line 5
03.
(/usr/share/texlive/texmf-dist/tex/latex/psnfss/ot1ptm.fd
File: ot1ptm.fd 2001/06/04 font definitions for OT1/ptm.
)
-- Using 8.5in x 11in (letter) paper.
-- Using PDF output.
\@IEEEnormalsizeunitybaselineskip=\dimen141
-- This is a 10 point document.
\CLASSINFOnormalsizebaselineskip=\dimen142
\CLASSINFOnormalsizeunitybaselineskip=\dimen143
\IEEEnormaljot=\dimen144
LaTeX Font Info:    Font shape `OT1/ptm/bx/n' in size <5> not available
(Font)              Font shape `OT1/ptm/b/n' tried instead on input line 1090.
LaTeX Font Info:    Font shape `OT1/ptm/bx/it' in size <5> not available
(Font)              Font shape `OT1/ptm/b/it' tried instead on input line 1090.

LaTeX Font Info:    Font shape `OT1/ptm/bx/n' in size <7> not available
(Font)              Font shape `OT1/ptm/b/n' tried instead on input line 1090.
LaTeX Font Info:    Font shape `OT1/ptm/bx/it' in size <7> not available
(Font)              Font shape `OT1/ptm/b/it' tried instead on input line 1090.

LaTeX Font Info:    Font shape `OT1/ptm/bx/n' in size <8> not available
(Font)              Font shape `OT1/ptm/b/n' tried instead on input line 1090.
LaTeX Font Info:    Font shape `OT1/ptm/bx/it' in size <8> not available
(Font)              Font shape `OT1/ptm/b/it' tried instead on input line 1090.

LaTeX Font Info:    Font shape `OT1/ptm/bx/n' in size <9> not available
(Font)              Font shape `OT1/ptm/b/n' tried instead on input line 1090.
LaTeX Font Info:    Font shape `OT1/ptm/bx/it' in size <9> not available
(Font)              Font shape `OT1/ptm/b/it' tried instead on input line 1090.

LaTeX Font Info:    Font shape `OT1/ptm/bx/n' in size <10> not available
(Font)              Font shape `OT1/ptm/b/n' tried instead on input line 1090.
LaTeX Font Info:    Font shape `OT1/ptm/bx/it' in size <10> not available
(Font)              Font shape `OT1/ptm/b/it' tried instead on input line 1090.

LaTeX Font Info:    Font shape `OT1/ptm/bx/n' in size <11> not available
(Font)              Font shape `OT1/ptm/b/n' tried instead on input line 1090.
LaTeX Font Info:    Font shape `OT1/ptm/bx/it' in size <11> not available
(Font)              Font shape `OT1/ptm/b/it' tried instead on input line 1090.

LaTeX Font Info:    Font shape `OT1/ptm/bx/n' in size <12> not available
(Font)              Font shape `OT1/ptm/b/n' tried instead on input line 1090.
LaTeX Font Info:    Font shape `OT1/ptm/bx/it' in size <12> not available
(Font)              Font shape `OT1/ptm/b/it' tried instead on input line 1090.

LaTeX Font Info:    Font shape `OT1/ptm/bx/n' in size <17> not available
(Font)              Font shape `OT1/ptm/b/n' tried instead on input line 1090.
LaTeX Font Info:    Font shape `OT1/ptm/bx/it' in size <17> not available
(Font)              Font shape `OT1/ptm/b/it' tried instead on input line 1090.

LaTeX Font Info:    Font shape `OT1/ptm/bx/n' in size <20> not available
(Font)              Font shape `OT1/ptm/b/n' tried instead on input line 1090.
LaTeX Font Info:    Font shape `OT1/ptm/bx/it' in size <20> not available
(Font)              Font shape `OT1/ptm/b/it' tried instead on input line 1090.

LaTeX Font Info:    Font shape `OT1/ptm/bx/n' in size <24> not available
(Font)              Font shape `OT1/ptm/b/n' tried instead on input line 1090.
LaTeX Font Info:    Font shape `OT1/ptm/bx/it' in size <24> not available
(Font)              Font shape `OT1/ptm/b/it' tried instead on input line 1090.

\IEEEquantizedlength=\dimen145
\IEEEquantizedlengthdiff=\dimen146
\IEEEquantizedtextheightdiff=\dimen147
\IEEEilabelindentA=\dimen148
\IEEEilabelindentB=\dimen149
\IEEEilabelindent=\dimen150
\IEEEelabelindent=\dimen151
\IEEEdlabelindent=\dimen152
\IEEElabelindent=\dimen153
\IEEEiednormlabelsep=\dimen154
\IEEEiedmathlabelsep=\dimen155
\IEEEiedtopsep=\skip47
\c@section=\count188
\c@subsection=\count189
\c@subsubsection=\count190
\c@paragraph=\count191
\c@IEEEsubequation=\count192
\abovecaptionskip=\skip48
\belowcaptionskip=\skip49
\c@figure=\count193
\c@table=\count194
\@IEEEeqnnumcols=\count195
\@IEEEeqncolcnt=\count196
\@IEEEsubeqnnumrollback=\count197
\@IEEEquantizeheightA=\dimen156
\@IEEEquantizeheightB=\dimen157
\@IEEEquantizeheightC=\dimen158
\@IEEEquantizeprevdepth=\dimen159
\@IEEEquantizemultiple=\count198
\@IEEEquantizeboxA=\box50
\@IEEEtmpitemindent=\dimen160
\IEEEPARstartletwidth=\dimen161
\c@IEEEbiography=\count199
\@IEEEtranrubishbin=\box51
) (/usr/share/texlive/texmf-dist/tex/latex/amsmath/amsmath.sty
Package: amsmath 2021/10/15 v2.17l AMS math features
\@mathmargin=\skip50

For additional information on amsmath, use the `?' option.
(/usr/share/texlive/texmf-dist/tex/latex/amsmath/amstext.sty
Package: amstext 2021/08/26 v2.01 AMS text

(/usr/share/texlive/texmf-dist/tex/latex/amsmath/amsgen.sty
File: amsgen.sty 1999/11/30 v2.0 generic functions
\@emptytoks=\toks17
\ex@=\dimen162
))
(/usr/share/texlive/texmf-dist/tex/latex/amsmath/amsbsy.sty
Package: amsbsy 1999/11/29 v1.2d Bold Symbols
\pmbraise@=\dimen163
)
(/usr/share/texlive/texmf-dist/tex/latex/amsmath/amsopn.sty
Package: amsopn 2021/08/26 v2.02 operator names
)
\inf@bad=\count266
LaTeX Info: Redefining \frac on input line 234.
\uproot@=\count267
\leftroot@=\count268
LaTeX Info: Redefining \overline on input line 399.
\classnum@=\count269
\DOTSCASE@=\count270
LaTeX Info: Redefining \ldots on input line 496.
LaTeX Info: Redefining \dots on input line 499.
LaTeX Info: Redefining \cdots on input line 620.
\Mathstrutbox@=\box52
\strutbox@=\box53
\big@size=\dimen164
LaTeX Font Info:    Redeclaring font encoding OML on input line 743.
LaTeX Font Info:    Redeclaring font encoding OMS on input line 744.
\macc@depth=\count271
\c@MaxMatrixCols=\count272
\dotsspace@=\muskip16
\c@parentequation=\count273
\dspbrk@lvl=\count274
\tag@help=\toks18
\row@=\count275
\column@=\count276
\maxfields@=\count277
\andhelp@=\toks19
\eqnshift@=\dimen165
\alignsep@=\dimen166
\tagshift@=\dimen167
\tagwidth@=\dimen168
\totwidth@=\dimen169
\lineht@=\dimen170
\@envbody=\toks20
\multlinegap=\skip51
\multlinetaggap=\skip52
\mathdisplay@stack=\toks21
LaTeX Info: Redefining \[ on input line 2938.
LaTeX Info: Redefining \] on input line 2939.
)
(/usr/share/texlive/texmf-dist/tex/latex/amsfonts/amssymb.sty
Package: amssymb 2013/01/14 v3.01 AMS font symbols

(/usr/share/texlive/texmf-dist/tex/latex/amsfonts/amsfonts.sty
Package: amsfonts 2013/01/14 v3.01 Basic AMSFonts support
\symAMSa=\mathgroup4
\symAMSb=\mathgroup5
LaTeX Font Info:    Redeclaring math symbol \hbar on input line 98.
LaTeX Font Info:    Overwriting math alphabet `\mathfrak' in version `bold'
(Font)                  U/euf/m/n --> U/euf/b/n on input line 106.
))
(/usr/share/texlive/texmf-dist/tex/latex/graphics/graphicx.sty
Package: graphicx 2021/09/16 v1.2d Enhanced LaTeX Graphics (DPC,SPQR)

(/usr/share/texlive/texmf-dist/tex/latex/graphics/keyval.sty
Package: keyval 2014/10/28 v1.15 key=value parser (DPC)
\KV@toks@=\toks22
)
(/usr/share/texlive/texmf-dist/tex/latex/graphics/graphics.sty
Package: graphics 2021/03/04 v1.4d Standard LaTeX Graphics (DPC,SPQR)

(/usr/share/texlive/texmf-dist/tex/latex/graphics/trig.sty
Package: trig 2021/08/11 v1.11 sin cos tan (DPC)
)
(/usr/share/texlive/texmf-dist/tex/latex/graphics-cfg/graphics.cfg
File: graphics.cfg 2016/06/04 v1.11 sample graphics configuration
)
Package graphics Info: Driver file: pdftex.def on input line 107.

(/usr/share/texlive/texmf-dist/tex/latex/graphics-def/pdftex.def
File: pdftex.def 2020/10/05 v1.2a Graphics/color driver for pdftex
))
\Gin@req@height=\dimen171
\Gin@req@width=\dimen172
)
(/usr/share/texlive/texmf-dist/tex/latex/booktabs/booktabs.sty
Package: booktabs 2020/01/12 v1.61803398 Publication quality tables
\heavyrulewidth=\dimen173
\lightrulewidth=\dimen174
\cmidrulewidth=\dimen175
\belowrulesep=\dimen176
\belowbottomsep=\dimen177
\aboverulesep=\dimen178
\abovetopsep=\dimen179
\cmidrulesep=\dimen180
\cmidrulekern=\dimen181
\defaultaddspace=\dimen182
\@cmidla=\count278
\@cmidlb=\count279
\@aboverulesep=\dimen183
\@belowrulesep=\dimen184
\@thisruleclass=\count280
\@lastruleclass=\count281
\@thisrulewidth=\dimen185
)
(/usr/share/texlive/texmf-dist/tex/latex/tools/array.sty
Package: array 2021/10/04 v2.5f Tabular extension package (FMi)
\col@sep=\dimen186
\ar@mcellbox=\box54
\extrarowheight=\dimen187
\NC@list=\toks23
\extratabsurround=\skip53
\backup@length=\skip54
\ar@cellbox=\box55
)
(/usr/share/texlive/texmf-dist/tex/latex/multirow/multirow.sty
Package: multirow 2021/03/15 v2.8 Span multiple rows of a table
\multirow@colwidth=\skip55
\multirow@cntb=\count282
\multirow@dima=\skip56
\bigstrutjot=\dimen188
)
(/usr/share/texlive/texmf-dist/tex/latex/url/url.sty
\Urlmuskip=\muskip17
Package: url 2013/09/16  ver 3.4  Verb mode for urls, etc.
)
(/usr/share/texlive/texmf-dist/tex/latex/cite/cite.sty
LaTeX Info: Redefining \cite on input line 302.
LaTeX Info: Redefining \nocite on input line 332.
Package: cite 2015/02/27  v 5.5
)
(/usr/share/texlive/texmf-dist/tex/latex/xcolor/xcolor.sty
Package: xcolor 2021/10/31 v2.13 LaTeX color extensions (UK)

(/usr/share/texlive/texmf-dist/tex/latex/graphics-cfg/color.cfg
File: color.cfg 2016/01/02 v1.6 sample color configuration
)
Package xcolor Info: Driver file: pdftex.def on input line 227.
Package xcolor Info: Model `cmy' substituted by `cmy0' on input line 1352.
Package xcolor Info: Model `hsb' substituted by `rgb' on input line 1356.
Package xcolor Info: Model `RGB' extended on input line 1368.
Package xcolor Info: Model `HTML' substituted by `rgb' on input line 1370.
Package xcolor Info: Model `Hsb' substituted by `hsb' on input line 1371.
Package xcolor Info: Model `tHsb' substituted by `hsb' on input line 1372.
Package xcolor Info: Model `HSB' substituted by `hsb' on input line 1373.
Package xcolor Info: Model `Gray' substituted by `gray' on input line 1374.
Package xcolor Info: Model `wave' substituted by `hsb' on input line 1375.
)
(/usr/share/texlive/texmf-dist/tex/latex/l3backend/l3backend-pdftex.def
File: l3backend-pdftex.def 2022-01-12 L3 backend support: PDF output (pdfTeX)
\l__color_backend_stack_int=\count283
\l__pdf_internal_box=\box56
)
No file lbm_paper.aux.
\openout1 = `lbm_paper.aux'.

LaTeX Font Info:    Checking defaults for OML/cmm/m/it on input line 18.
LaTeX Font Info:    ... okay on input line 18.
LaTeX Font Info:    Checking defaults for OMS/cmsy/m/n on input line 18.
LaTeX Font Info:    ... okay on input line 18.
LaTeX Font Info:    Checking defaults for OT1/cmr/m/n on input line 18.
LaTeX Font Info:    ... okay on input line 18.
LaTeX Font Info:    Checking defaults for T1/cmr/m/n on input line 18.
LaTeX Font Info:    ... okay on input line 18.
LaTeX Font Info:    Checking defaults for TS1/cmr/m/n on input line 18.
LaTeX Font Info:    ... okay on input line 18.
LaTeX Font Info:    Checking defaults for OMX/cmex/m/n on input line 18.
LaTeX Font Info:    ... okay on input line 18.
LaTeX Font Info:    Checking defaults for U/cmr/m/n on input line 18.
LaTeX Font Info:    ... okay on input line 18.
-- Lines per column: 58 (exact).
(/usr/share/texlive/texmf-dist/tex/context/base/mkii/supp-pdf.mkii
[Loading MPS to PDF converter (version 2006.09.02).]
\scratchcounter=\count284
\scratchdimen=\dimen189
\scratchbox=\box57
\nofMPsegments=\count285
\nofMParguments=\count286
\everyMPshowfont=\toks24
\MPscratchCnt=\count287
\MPscratchDim=\dimen190
\MPnumerator=\count288
\makeMPintoPDFobject=\count289
\everyMPtoPDFconversion=\toks25
) (/usr/share/texlive/texmf-dist/tex/latex/epstopdf-pkg/epstopdf-base.sty
Package: epstopdf-base 2020-01-24 v2.11 Base part for package epstopdf
Package epstopdf-base Info: Redefining graphics rule for `.eps' on input line 4
85.

(/usr/share/texlive/texmf-dist/tex/latex/latexconfig/epstopdf-sys.cfg
File: epstopdf-sys.cfg 2010/07/13 v1.3 Configuration of (r)epstopdf for TeX Liv
e
))
! Undefined control sequence.
\Url Error ->\url used in a moving argument. 
                                             
l.31 \maketitle
               
? 
LaTeX Font Info:    Trying to load font information for U+msa on input line 31.

(/usr/share/texlive/texmf-dist/tex/latex/amsfonts/umsa.fd
File: umsa.fd 2013/01/14 v3.01 AMS symbols A
)
LaTeX Font Info:    Trying to load font information for U+msb on input line 31.


(/usr/share/texlive/texmf-dist/tex/latex/amsfonts/umsb.fd
File: umsb.fd 2013/01/14 v3.01 AMS symbols B
)

LaTeX Warning: Citation `chen1998' on page 1 undefined on input line 66.


LaTeX Warning: Citation `succi2001' on page 1 undefined on input line 73.


LaTeX Warning: Citation `bgk1954' on page 1 undefined on input line 77.


LaTeX Warning: Citation `openmp2018' on page 1 undefined on input line 82.

LaTeX Font Info:    Trying to load font information for TS1+ptm on input line 8
5.
(/usr/share/texlive/texmf-dist/tex/latex/psnfss/ts1ptm.fd
File: ts1ptm.fd 2001/06/04 font definitions for TS1/ptm.
)

LaTeX Warning: Reference `sec:math' on page 1 undefined on input line 85.


LaTeX Warning: Reference `sec:algo' on page 1 undefined on input line 86.


LaTeX Warning: Reference `sec:impl' on page 1 undefined on input line 87.


LaTeX Warning: Reference `sec:verify' on page 1 undefined on input line 89.


LaTeX Warning: Reference `sec:perf' on page 1 undefined on input line 90.


LaTeX Warning: Citation `bgk1954' on page 1 undefined on input line 98.

[1

pdfTeX warning: pdflatex (file pdftex.map): cannot open font map file


]
LaTeX Font Info:    Trying to load font information for OT1+pcr on input line 2
04.
 (/usr/share/texlive/texmf-dist/tex/latex/psnfss/ot1pcr.fd
File: ot1pcr.fd 2001/06/04 font definitions for OT1/pcr.
)
Underfull \hbox (badness 4366) in paragraph at lines 264--268
[]\OT1/ptm/m/n/10 CMake pro-vides con-di-tional com-pi-la-tion via op-tions
 []


Underfull \hbox (badness 4120) in paragraph at lines 264--268
\OT1/pcr/m/n/10 ENABLE_OPENMP\OT1/ptm/m/n/10 , \OT1/pcr/m/n/10 ENABLE_MPI\OT1/p
tm/m/n/10 , and \OT1/pcr/m/n/10 ENABLE_CUDA\OT1/ptm/m/n/10 ,
 []


LaTeX Warning: Citation `ghia1982' on page 2 undefined on input line 278.

<plots//fig_cavity_velocity.png, id=27, 256.96pt x 256.96pt>
File: plots//fig_cavity_velocity.png Graphic file (type png)
<use plots//fig_cavity_velocity.png>
Package pdftex.def Info: plots//fig_cavity_velocity.png  used on input line 282
.
(pdftex.def)             Requested size: 252.0pt x 252.00336pt.
<plots//fig_cylinder_velocity.png, id=28, 256.96pt x 128.48pt>
File: plots//fig_cylinder_velocity.png Graphic file (type png)
<use plots//fig_cylinder_velocity.png>
Package pdftex.def Info: plots//fig_cylinder_velocity.png  used on input line 2
98.
(pdftex.def)             Requested size: 252.0pt x 126.00166pt.

LaTeX Warning: Reference `fig:reynolds' on page 2 undefined on input line 306.

<plots//fig_reynolds_comparison.png, id=29, 715.18391pt x 523.52388pt>
File: plots//fig_reynolds_comparison.png Graphic file (type png)
<use plots//fig_reynolds_comparison.png>
Package pdftex.def Info: plots//fig_reynolds_comparison.png  used on input line
 313.
(pdftex.def)             Requested size: 252.0pt x 184.4663pt.

LaTeX Warning: Reference `eq:l2' on page 2 undefined on input line 326.


LaTeX Warning: Reference `fig:convergence' on page 2 undefined on input line 32
7.


! LaTeX Error: File `fig_convergence' not found.

See the LaTeX manual or LaTeX Companion for explanation.
Type  H <return>  for immediate help.
 ...                                              
                                                  
l.332 ...hics[width=\columnwidth]{fig_convergence}
                                                  
? 

LaTeX Warning: Citation `ghia1982' on page 2 undefined on input line 341.


LaTeX Warning: Reference `fig:cavity' on page 2 undefined on input line 344.

[2]

LaTeX Warning: Reference `fig:elapsed' on page 3 undefined on input line 380.

<plots//fig_elapsed_comparison.png, id=37, 506.75723pt x 311.05008pt>
File: plots//fig_elapsed_comparison.png Graphic file (type png)
<use plots//fig_elapsed_comparison.png>
Package pdftex.def Info: plots//fig_elapsed_comparison.png  used on input line 
387.
(pdftex.def)             Requested size: 252.0pt x 154.67981pt.

LaTeX Warning: Reference `fig:mlups' on page 3 undefined on input line 394.

<plots//fig_mlups_comparison.png, id=38, 490.27968pt x 311.05008pt>
File: plots//fig_mlups_comparison.png Graphic file (type png)
<use plots//fig_mlups_comparison.png>
Package pdftex.def Info: plots//fig_mlups_comparison.png  used on input line 40
1.
(pdftex.def)             Requested size: 252.0pt x 159.87694pt.

LaTeX Warning: Reference `fig:speedup' on page 3 undefined on input line 407.

[3 <./plots//fig_cavity_velocity.png (PNG copy)> <./plots//fig_cylinder_velocit
y.png (PNG copy)> <./plots//fig_reynolds_comparison.png>]
<plots//fig_speedup_efficiency.png, id=45, 786.2976pt x 320.01157pt>
File: plots//fig_speedup_efficiency.png Graphic file (type png)
<use plots//fig_speedup_efficiency.png>
Package pdftex.def Info: plots//fig_speedup_efficiency.png  used on input line 
424.
(pdftex.def)             Requested size: 252.0pt x 102.56204pt.


LaTeX Warning: Reference `fig:gridscale' on page 4 undefined on input line 432.


<plots//fig_grid_scaling.png, id=46, 389.39076pt x 311.33916pt>
File: plots//fig_grid_scaling.png Graphic file (type png)
<use plots//fig_grid_scaling.png>
Package pdftex.def Info: plots//fig_grid_scaling.png  used on input line 439.
(pdftex.def)             Requested size: 252.0pt x 201.49393pt.

LaTeX Warning: Reference `fig:cylperf' on page 4 undefined on input line 447.

<plots//fig_cylinder_comparison.png, id=47, 501.26472pt x 311.05008pt>
File: plots//fig_cylinder_comparison.png Graphic file (type png)
<use plots//fig_cylinder_comparison.png>
Package pdftex.def Info: plots//fig_cylinder_comparison.png  used on input line
 453.
(pdftex.def)             Requested size: 252.0pt x 156.37422pt.

LaTeX Warning: Reference `fig:peak' on page 4 undefined on input line 459.

<plots//fig_peak_mlups.png, id=48, 378.11664pt x 268.8444pt>
File: plots//fig_peak_mlups.png Graphic file (type png)
<use plots//fig_peak_mlups.png>
Package pdftex.def Info: plots//fig_peak_mlups.png  used on input line 466.
(pdftex.def)             Requested size: 214.20154pt x 152.2994pt.
[4 <./plots//fig_elapsed_comparison.png> <./plots//fig_mlups_comparison.png> <.
/plots//fig_speedup_efficiency.png> <./plots//fig_grid_scaling.png> <./plots//f
ig_cylinder_comparison.png>]
Underfull \hbox (badness 2293) in paragraph at lines 511--513
[]\OT1/ptm/b/n/10 Cross-backend con-sis-tency \OT1/ptm/m/n/10 is ver-i-fied: se
-rial and
 []

[5 <./plots//fig_peak_mlups.png>] (./lbm_paper.aux)

LaTeX Warning: There were undefined references.


LaTeX Warning: Label(s) may have changed. Rerun to get cross-references right.

 ) 
Here is how much of TeX's memory you used:
 4428 strings out of 480247
 70004 string characters out of 5896106
 370711 words of memory out of 5000000
 22309 multiletter control sequences out of 15000+600000
 515991 words of font info for 123 fonts, out of 8000000 for 9000
 18 hyphenation exceptions out of 8191
 55i,11n,62p,358b,380s stack positions out of 5000i,500n,10000p,200000b,80000s

!pdfTeX error: pdflatex (file ptmri8r): Font ptmri8r at 480 not found
 ==> Fatal error occurred, no output PDF file produced!
